
> website@0.1.0 build
> next build

node.exe : 
At line:1 char:1
+ & "C:\nvm4w\nodejs/node.exe" "C:\nvm4w\nodejs/node_modules/npm/bin/np ...
+ ~~~~~~~~~~~~~~~~~~~~~~~~~~~~~~~~~~~~~~~~~~~~~~~~~~~~~~~~~~~~~~~~~~~~~
    + CategoryInfo          : NotSpecified: (:String) [], RemoteException
    + FullyQualifiedErrorId : NativeCommandError
 
> Build error occurred
Error: EPERM: operation not permitted, unlink 
'C:\Users\amsir\OneDrive\Desktop\Arshad\website\.next\static\-M3LmRqeQgQNWJD0V6Q1M'
    at ignore-listed frames {
  errno: -4048,
  code: 'EPERM',
  syscall: 'unlink',
  path: 'C:\\Users\\amsir\\OneDrive\\Desktop\\Arshad\\website\\.next\\static\\-M3LmRqeQgQNWJD0V6Q1M'
}
